###############################################################################
#
# IAR ELF Linker V8.30.1.114/W32 for ARM                  19/Jul/2018  00:57:24
# Copyright 2007-2018 IAR Systems AB.
#
#    Output file  =  
#        C:\Users\nikol\Documents\EE 474\github\474Lab3Cube\Debug\Exe\Lab 3.out
#    Map file     =  
#        C:\Users\nikol\Documents\EE 474\github\474Lab3Cube\Debug\List\Lab
#        3.map
#    Command line =  
#        -f C:\Users\nikol\AppData\Local\Temp\EW2D7F.tmp
#        ("C:\Users\nikol\Documents\EE
#        474\github\474Lab3Cube\Debug\Obj\cstartup_M.o"
#        "C:\Users\nikol\Documents\EE 474\github\474Lab3Cube\Debug\Obj\main.o"
#        "C:\Users\nikol\Documents\EE
#        474\github\474Lab3Cube\Debug\Obj\SSD2119.o" --no_out_extension -o
#        "C:\Users\nikol\Documents\EE 474\github\474Lab3Cube\Debug\Exe\Lab
#        3.out" --redirect _Printf=_PrintfFullNoMb --redirect
#        _Scanf=_ScanfFullNoMb --map "C:\Users\nikol\Documents\EE
#        474\github\474Lab3Cube\Debug\List\Lab 3.map" --config "C:\Program
#        Files (x86)\IAR Systems\Embedded Workbench
#        8.1\arm\config\linker\TexasInstruments\TM4C123GH6.icf" --semihosting
#        --entry __iar_program_start --vfe --text_out locale)
#
###############################################################################

*******************************************************************************
*** RUNTIME MODEL ATTRIBUTES
***

CppFlavor       = *
__SystemLibrary = DLib
__dlib_version  = 6


*******************************************************************************
*** HEAP SELECTION
***

The basic heap was selected because some modules are built with
size limitations (and not runtime checking), and --advanced_heap
was not specified.


*******************************************************************************
*** PLACEMENT SUMMARY
***

"A0":  place at 0x0 { ro section .intvec };
"P1":  place in [from 0x0 to 0x3'ffff] { ro };
define block CSTACK with size = 4K, alignment = 8 { };
define block HEAP with size = 8K, alignment = 8 { };
"P2":  place in [from 0x2000'0000 to 0x2000'7fff] {
          rw, block CSTACK, block HEAP };
initialize by copy { rw };

  Section            Kind         Address    Size  Object
  -------            ----         -------    ----  ------
"A0":                                        0xbc
  .intvec            const            0x0    0xbc  cstartup_M.o [1]
                                   - 0xbc    0xbc

"P1":                                      0x18de
  .text              ro code         0xbc   0x6b0  main.o [1]
  .text              ro code        0x76c    0x1a  U32ToDbl.o [3]
  .text              ro code        0x786     0x2  cstartup_M.o [1]
  .text              ro code        0x788   0x1a2  DblMul.o [3]
  .text              ro code        0x92a     0x2  cstartup_M.o [1]
  .text              ro code        0x92c   0x246  DblDiv.o [3]
  .text              ro code        0xb72     0x2  cstartup_M.o [1]
  .text              ro code        0xb74    0xe2  DblSub.o [3]
  .text              ro code        0xc56     0x2  cstartup_M.o [1]
  .text              ro code        0xc58    0x3a  DblToS32.o [3]
  .text              ro code        0xc92     0x2  cstartup_M.o [1]
  .text              ro code        0xc94   0x4e4  SSD2119.o [1]
  .text              ro code       0x1178    0x76  ABImemcpy_unaligned.o [4]
  .text              ro code       0x11ee     0x2  cstartup_M.o [1]
  .text              ro code       0x11f0    0x22  S32ToDbl.o [3]
  .text              ro code       0x1212     0x2  cstartup_M.o [1]
  .text              ro code       0x1214    0x1e  math_wrappers64.o [3]
  .text              ro code       0x1232     0x2  cstartup_M.o [1]
  .text              ro code       0x1234   0x17a  DblAdd.o [3]
  .text              ro code       0x13ae     0x2  cstartup_M.o [1]
  .text              ro code       0x13b0   0x44c  cos_sin64.o [3]
  .text              ro code       0x17fc    0x2e  DblCmpLe.o [3]
  .text              ro code       0x182a    0x38  packbits_init_single.o [4]
  .text              ro code       0x1864    0x28  data_init.o [4]
  .text              ro code       0x188c    0x22  fpinit_M.o [3]
  .iar.init_table    const         0x18b0    0x10  - Linker created -
  .rodata            const         0x18c0    0x20  SSD2119.o [1]
  .text              ro code       0x18e0    0x1e  cmain.o [4]
  .text              ro code       0x18fe     0x4  low_level_init.o [2]
  .text              ro code       0x1902     0x4  exit.o [2]
  .text              ro code       0x1908     0xa  cexit.o [4]
  .text              ro code       0x1914    0x14  exit.o [5]
  .text              ro code       0x1928    0x10  cstartup_M.o [1]
  .rodata            const         0x1938     0x0  packbits_init_single.o [4]
  Initializer bytes  const         0x1938    0x62  <for P2-1>
                                 - 0x199a  0x18de

"P2", part 1 of 2:                           0x6e
  P2-1                        0x2000'0000    0x6e  <Init block>
    .data            inited   0x2000'0000    0x30  main.o [1]
    .data            inited   0x2000'0030    0x30  main.o [1]
    .bss             inited   0x2000'0060     0x4  main.o [1]
    .bss             inited   0x2000'0064     0x4  main.o [1]
    .bss             inited   0x2000'0068     0x2  SSD2119.o [1]
    .bss             inited   0x2000'006a     0x2  SSD2119.o [1]
    .bss             inited   0x2000'006c     0x2  SSD2119.o [1]
                            - 0x2000'006e    0x6e

"P2", part 2 of 2:                         0x1000
  CSTACK                      0x2000'0070  0x1000  <Block>
    CSTACK           uninit   0x2000'0070  0x1000  <Block tail>
                            - 0x2000'1070  0x1000

Unused ranges:

         From           To      Size
         ----           --      ----
       0x199a     0x3'ffff  0x3'e666
  0x2000'006e  0x2000'006f       0x2
  0x2000'1070  0x2000'7fff    0x6f90


*******************************************************************************
*** INIT TABLE
***

          Address      Size
          -------      ----
Copy/packbits (__iar_packbits_init_single3)
    1 source range, total size 0x62 (89% of destination):
               0x1938  0x62
    1 destination range, total size 0x6e:
          0x2000'0000  0x6e



*******************************************************************************
*** MODULE SUMMARY
***

    Module                  ro code  ro data  rw data
    ------                  -------  -------  -------
command line/config:
    -------------------------------------------------
    Total:

C:\Users\nikol\Documents\EE 474\github\474Lab3Cube\Debug\Obj: [1]
    SSD2119.o                 1 252       38        6
    cstartup_M.o                 34      188
    main.o                    1 712       92      104
    -------------------------------------------------
    Total:                    2 998      318      110

dl7M_tln.a: [2]
    exit.o                        4
    low_level_init.o              4
    -------------------------------------------------
    Total:                        8

m7M_tls.a: [3]
    DblAdd.o                    378
    DblCmpLe.o                   46
    DblDiv.o                    582
    DblMul.o                    418
    DblSub.o                    226
    DblToS32.o                   58
    S32ToDbl.o                   34
    U32ToDbl.o                   26
    cos_sin64.o               1 100
    fpinit_M.o                   34
    math_wrappers64.o            30
    -------------------------------------------------
    Total:                    2 932

rt7M_tl.a: [4]
    ABImemcpy_unaligned.o       118
    cexit.o                      10
    cmain.o                      30
    data_init.o                  40
    packbits_init_single.o       56
    -------------------------------------------------
    Total:                      254

shb_l.a: [5]
    exit.o                       20
    -------------------------------------------------
    Total:                       20

    Gaps                          6        2
    Linker created                        16    4 096
-----------------------------------------------------
    Grand Total:              6 218      336    4 206


*******************************************************************************
*** ENTRY LIST
***

Entry                       Address   Size  Type      Object
-----                       -------   ----  ----      ------
.iar.init_table$$Base        0x18b0          --   Gb  - Linker created -
.iar.init_table$$Limit       0x18c0          --   Gb  - Linker created -
?main                        0x18e1         Code  Gb  cmain.o [4]
ADC0_Handler                  0x465   0x58  Code  Gb  main.o [1]
ADC_Init                       0xbd   0xa2  Code  Gb  main.o [1]
CSTACK$$Base            0x2000'0070          --   Gb  - Linker created -
CSTACK$$Limit           0x2000'1070          --   Gb  - Linker created -
Color4                       0x18c0   0x20  Data  Gb  SSD2119.o [1]
FLAG                    0x2000'0060    0x4  Data  Gb  main.o [1]
Interrupt_Init                0x257   0x72  Code  Gb  main.o [1]
LCD_ColorFill                 0xf81   0x16  Code  Gb  SSD2119.o [1]
LCD_DrawFilledRect           0x1105   0x62  Code  Gb  SSD2119.o [1]
LCD_DrawLine                 0x1029   0xdc  Code  Gb  SSD2119.o [1]
LCD_DrawPixel                 0xff5   0x34  Code  Gb  SSD2119.o [1]
LCD_GPIOInit                  0xc95   0xa0  Code  Gb  SSD2119.o [1]
LCD_Init                      0xdbf  0x1a2  Code  Gb  SSD2119.o [1]
LCD_SetCursor                 0xfa1    0xe  Code  Gb  SSD2119.o [1]
LCD_SetTextColor              0xfaf   0x14  Code  Gb  SSD2119.o [1]
LCD_WriteCommand              0xd35   0x42  Code  Gb  SSD2119.o [1]
LCD_WriteData                 0xd77   0x48  Code  Gb  SSD2119.o [1]
LED_OFF                       0x4fb    0x8  Code  Gb  main.o [1]
LED_ON                        0x4ed    0xe  Code  Gb  main.o [1]
PLL_Init                      0x15f   0x80  Code  Gb  main.o [1]
PortF_Handler                 0x3f5   0x70  Code  Gb  main.o [1]
PortF_Init                    0x1df   0x30  Code  Gb  main.o [1]
Region$$Table$$Base          0x18b0          --   Gb  - Linker created -
Region$$Table$$Limit         0x18c0          --   Gb  - Linker created -
Rotate_X                      0x57b   0xd8  Code  Gb  main.o [1]
Rotating_Cube                 0x503   0x78  Code  Gb  main.o [1]
Timer0A_Handler               0x3d7   0x1e  Code  Gb  main.o [1]
Timer0_Init                   0x20f   0x48  Code  Gb  main.o [1]
UART_Init                     0x2c9  0x10e  Code  Gb  main.o [1]
__aeabi_cdcmple              0x17fd         Code  Gb  DblCmpLe.o [3]
__aeabi_d2iz                  0xc59         Code  Gb  DblToS32.o [3]
__aeabi_dadd                 0x1235         Code  Gb  DblAdd.o [3]
__aeabi_ddiv                  0x92d         Code  Gb  DblDiv.o [3]
__aeabi_dmul                  0x789         Code  Gb  DblMul.o [3]
__aeabi_dsub                  0xb75         Code  Gb  DblSub.o [3]
__aeabi_i2d                  0x11f1         Code  Gb  S32ToDbl.o [3]
__aeabi_ui2d                  0x76d         Code  Gb  U32ToDbl.o [3]
__cmain                      0x18e1         Code  Gb  cmain.o [4]
__exit                       0x1915   0x14  Code  Gb  exit.o [5]
__iar_Sin64                  0x13b1  0x3b2  Code  Lc  cos_sin64.o [3]
__iar_cos64                  0x17f5    0x4  Code  Gb  cos_sin64.o [3]
__iar_cos_medium             0x17f5    0x4  Code  Gb  cos_sin64.o [3]
__iar_cos_medium64           0x17f5    0x4  Code  Gb  cos_sin64.o [3]
__iar_cos_mediuml            0x17f5    0x4  Code  Gb  cos_sin64.o [3]
__iar_dadd                    0xb85         Code  Gb  DblSub.o [3]
__iar_data_init3             0x1865   0x28  Code  Gb  data_init.o [4]
__iar_dsub                   0x1245         Code  Gb  DblAdd.o [3]
__iar_dsubStart              0x1257         Code  Gb  DblAdd.o [3]
__iar_init_vfp               0x188d         Code  Gb  fpinit_M.o [3]
__iar_packbits_init_single3
                             0x182b   0x38  Code  Gb  packbits_init_single.o [4]
__iar_program_start          0x1929   0x10  Code  Gb  cstartup_M.o [1]
__iar_sin64                  0x17f9    0x4  Code  Gb  cos_sin64.o [3]
__iar_sin_medium             0x17f9    0x4  Code  Gb  cos_sin64.o [3]
__iar_sin_medium64           0x17f9    0x4  Code  Gb  cos_sin64.o [3]
__iar_sin_mediuml            0x17f9    0x4  Code  Gb  cos_sin64.o [3]
__iar_unaligned_memcpy       0x1179         Code  Gb  ABImemcpy_unaligned.o [4]
__iar_unaligned_memcpy4
                             0x1199         Code  Gb  ABImemcpy_unaligned.o [4]
__iar_unaligned_memcpy8
                             0x1199         Code  Gb  ABImemcpy_unaligned.o [4]
__iar_vfp_cos                0x121b    0xc  Code  Gb  math_wrappers64.o [3]
__iar_vfp_sin                0x1227    0xc  Code  Gb  math_wrappers64.o [3]
__low_level_init             0x18ff    0x4  Code  Gb  low_level_init.o [2]
__vector_table                  0x0   0xbc  Data  Gb  cstartup_M.o [1]
_call_main                   0x18ed         Code  Gb  cmain.o [4]
_exit                        0x1909         Code  Gb  cexit.o [4]
_main                        0x18fb         Code  Gb  cmain.o [4]
abs                           0xf97    0xa  Code  Gb  SSD2119.o [1]
convertColor                  0xf61   0x20  Code  Gb  SSD2119.o [1]
cos                          0x17f5    0x4  Code  Gb  cos_sin64.o [3]
cosl                         0x17f5    0x4  Code  Gb  cos_sin64.o [3]
cursorX                 0x2000'0068    0x2  Data  Gb  SSD2119.o [1]
cursorY                 0x2000'006a    0x2  Data  Gb  SSD2119.o [1]
edges                   0x2000'0030   0x30  Data  Gb  main.o [1]
exit                         0x1903    0x4  Code  Gb  exit.o [2]
main                          0x4bd   0x30  Code  Gb  main.o [1]
nodes                   0x2000'0000   0x30  Data  Gb  main.o [1]
result                  0x2000'0064    0x4  Data  Gb  main.o [1]
sin                          0x17f9    0x4  Code  Gb  cos_sin64.o [3]
sinl                         0x17f9    0x4  Code  Gb  cos_sin64.o [3]
textColor               0x2000'006c    0x2  Data  Gb  SSD2119.o [1]


[1] = C:\Users\nikol\Documents\EE 474\github\474Lab3Cube\Debug\Obj
[2] = dl7M_tln.a
[3] = m7M_tls.a
[4] = rt7M_tl.a
[5] = shb_l.a

  6 218 bytes of readonly  code memory
    336 bytes of readonly  data memory
  4 206 bytes of readwrite data memory

Errors: none
Warnings: none
